// Vitest Snapshot v1

exports[`<GridTwoColum /> > should render two column grid 1`] = `
.c5 {
  color: #0A1128;
  font-size: 6.4rem;
  text-transform: uppercase;
}

.c2 {
  display: grid;
  grid-template-columns: 1fr 2fr;
  -webkit-align-items: center;
  -webkit-box-align: center;
  -ms-flex-align: center;
  align-items: center;
  gap: 3.2rem;
}

.c2 .c4 {
  margin-bottom: 4.0rem;
}

.c7 {
  max-width: 100%;
  height: auto;
}

.c1 {
  max-width: 120rem;
  margin: 0 auto;
  padding: 3.2rem;
}

.c0 {
  background: #FFFFFF;
  color: #0A1128;
  min-height: 100vh;
  display: -webkit-box;
  display: -webkit-flex;
  display: -ms-flexbox;
  display: flex;
  -webkit-align-items: center;
  -webkit-box-align: center;
  -ms-flex-align: center;
  align-items: center;
}

.c6 {
  font-size: 2.4rem;
}

@media (max-width:768px) {
  .c5 {
    font-size: 4.0rem;
  }
}

@media (max-width:768px) {
  .c2 {
    grid-template-columns: 1fr;
    text-align: center;
  }
}

@media (max-width:768px) {
  .c3 {
    margin-bottom: 3.2rem;
  }
}

<div>
  <div
    class="c0"
    id=""
  >
    <div
      class="c1"
    >
      <div
        class="c2"
      >
        <div
          class="c3"
        >
          <h2
            class="c4 c5"
          >
            Grid two columns
          </h2>
          <div
            class="c6"
          >
            <p>
              Lorem ipsum dolor sit amet consectetur adipisicing elit. Distinctio magnam culpa eveniet doloribus harum? Ipsam, a necessitatibus? Sequi sunt accusantium quod, animi iure a, aliquid dolor ea vel magni dolore?
            </p>
          </div>
        </div>
        <div
          class=""
        >
          <img
            alt="Grid two columns"
            class="c7"
            src="assets/images/javascript.svg"
          />
        </div>
      </div>
    </div>
  </div>
</div>
`;
